[app.sparkcloud.studio/dashboard.html]
[app.sparkcloud.studio/favicon.ico]
[app.sparkcloud.studio/_app/immutable/assets/0.Mi-aOIRl.css]
[js.hs-scripts.com/48124487.js]
[backblue.gif]
[fade.gif]
[index.html]
[app.sparkcloud.studio/_app/immutable/entry/start.ZSL977q3.js]
[app.sparkcloud.studio/dashboard.html]
[app.sparkcloud.studio/_app/immutable/entry/app.agQt3Xu1.js]
[app.sparkcloud.studio/_app/immutable/assets/fira-mono-cyrillic-ext-400-normal.dOGCK5uJ.woff2]
[app.sparkcloud.studio/_app/immutable/assets/fira-mono-all-400-normal.dpry7Ug7.woff]
[app.sparkcloud.studio/_app/immutable/assets/fira-mono-cyrillic-400-normal.N-vuOVMo.woff2]
[app.sparkcloud.studio/_app/immutable/assets/fira-mono-greek-ext-400-normal.rKiNtwjr.woff2]
[app.sparkcloud.studio/_app/immutable/assets/fira-mono-greek-400-normal.At854Oju.woff2]
[app.sparkcloud.studio/_app/immutable/assets/fira-mono-latin-ext-400-normal.-l34kfv6.woff2]
[app.sparkcloud.studio/_app/immutable/assets/fira-mono-latin-400-normal.yoy1YEIp.woff2]
[app.sparkcloud.studio/_app/immutable/assets/0.Mi-aOIRl.css]
[app.sparkcloud.studio/_app/immutable/assets/7.3u0l9yNQ.css]
[app.sparkcloud.studio/_app/immutable/assets/NoWorkstationFound.ewdG7dwT.css]
[app.sparkcloud.studio/_app/immutable/assets/LatencyBadge.c3c_h_cC.css]
[app.sparkcloud.studio/_app/immutable/assets/UserPreferences.GVxJitTS.css]
[www.googletagmanager.com/gtm5445.html]
